// Jest Snapshot v1, https://goo.gl/fbAQLP

exports[`array fields array 1`] = `
<form
  className="rjsf"
  noValidate={false}
  onSubmit={[Function]}
>
  <div
    className="form-group"
  >
    <div>
      <div
        className="p-2 row"
      >
        <div
          className="container-fluid"
        >
          <div
            className="d-flex justify-content-end container"
          >
            <div
              className="mt-2 row"
            >
              <button
                className="array-item-add btn btn-primary"
                color="primary"
                disabled={false}
                onClick={[Function]}
                type="button"
              >
                <svg
                  fill="currentColor"
                  height="1em"
                  pId="10297"
                  stroke="currentColor"
                  strokeWidth="0"
                  style={
                    Object {
                      "color": undefined,
                      "fontSize": "2rem",
                    }
                  }
                  t="1551322312294"
                  version="1.1"
                  viewBox="0 0 1024 1024"
                  width="1em"
                  xmlns="http://www.w3.org/2000/svg"
                >
                  <defs />
                  <path
                    d="M474 152m8 0l60 0q8 0 8 8l0 704q0 8-8 8l-60 0q-8 0-8-8l0-704q0-8 8-8Z"
                    pId="10298"
                  />
                  <path
                    d="M168 474m8 0l672 0q8 0 8 8l0 60q0 8-8 8l-672 0q-8 0-8-8l0-60q0-8 8-8Z"
                    pId="10299"
                  />
                </svg>
              </button>
            </div>
          </div>
        </div>
      </div>
    </div>
  </div>
  <div>
    <button
      className="btn btn-primary"
      disabled={false}
      type="submit"
    >
      Submit
    </button>
  </div>
</form>
`;

exports[`array fields checkboxes 1`] = `
<form
  className="rjsf"
  noValidate={false}
  onSubmit={[Function]}
>
  <div
    className="form-group"
  >
    <div
      className="form-group"
    >
      <label
        className="form-label"
        htmlFor="root"
      />
      <select
        autoFocus={false}
        className="custom-select"
        disabled={false}
        id="root"
        multiple={true}
        name="nodejs"
        onBlur={[Function]}
        onChange={[Function]}
        onFocus={[Function]}
        required={false}
        value={Array []}
      >
        <option
          disabled={false}
          value="a"
        >
          a
        </option>
        <option
          disabled={false}
          value="b"
        >
          b
        </option>
        <option
          disabled={false}
          value="c"
        >
          c
        </option>
      </select>
    </div>
  </div>
  <div>
    <button
      className="btn btn-primary"
      disabled={false}
      type="submit"
    >
      Submit
    </button>
  </div>
</form>
`;

exports[`array fields fixed array 1`] = `
<form
  className="rjsf"
  noValidate={false}
  onSubmit={[Function]}
>
  <div
    className="form-group"
  >
    <div>
      <div
        className="p-2 row"
      >
        <div
          className="container-fluid"
        >
          <div>
            <div
              className="mb-2  d-flex align-items-center row"
            >
              <div
                className="col"
              >
                <div
                  className="form-group"
                >
                  <div
                    className="mb-0 form-group"
                  >
                    <label
                      className="form-label"
                      htmlFor="root_0"
                    />
                    <input
                      autoFocus={false}
                      className="form-control"
                      disabled={false}
                      id="root_0"
                      onBlur={[Function]}
                      onChange={[Function]}
                      onFocus={[Function]}
                      placeholder=""
                      registry={
                        Object {
                          "ArrayFieldTemplate": [Function],
                          "FieldTemplate": [Function],
                          "ObjectFieldTemplate": [Function],
                          "definitions": Object {},
                          "fields": Object {
                            "AnyOfField": [Function],
                            "ArrayField": [Function],
                            "BooleanField": [Function],
                            "DescriptionField": [Function],
                            "NullField": [Function],
                            "NumberField": [Function],
                            "ObjectField": [Function],
                            "OneOfField": [Function],
                            "SchemaField": [Function],
                            "StringField": [Function],
                            "TitleField": [Function],
                            "UnsupportedField": [Function],
                          },
                          "formContext": Object {},
                          "rootSchema": Object {
                            "items": Array [
                              Object {
                                "type": "string",
                              },
                              Object {
                                "type": "number",
                              },
                            ],
                            "type": "array",
                          },
                          "widgets": Object {
                            "AltDateTimeWidget": [Function],
                            "AltDateWidget": [Function],
                            "BaseInput": [Function],
                            "CheckboxWidget": [Function],
                            "CheckboxesWidget": [Function],
                            "ColorWidget": [Function],
                            "DateTimeWidget": [Function],
                            "DateWidget": [Function],
                            "EmailWidget": [Function],
                            "FileWidget": [Function],
                            "HiddenWidget": [Function],
                            "PasswordWidget": [Function],
                            "RadioWidget": [Function],
                            "RangeWidget": [Function],
                            "SelectWidget": [Function],
                            "TextWidget": [Function],
                            "TextareaWidget": [Function],
                            "URLWidget": [Function],
                            "UpDownWidget": [Function],
                          },
                        }
                      }
                      required={true}
                      type="string"
                      uiSchema={
                        Object {
                          "classNames": undefined,
                        }
                      }
                      value=""
                    />
                  </div>
                </div>
              </div>
              <div
                className="py-4 col-lg-3 col-3"
              />
            </div>
          </div>
          <div>
            <div
              className="mb-2  d-flex align-items-center row"
            >
              <div
                className="col"
              >
                <div
                  className="form-group"
                >
                  <div
                    className="mb-0 form-group"
                  >
                    <label
                      className="form-label"
                      htmlFor="root_1"
                    />
                    <input
                      autoFocus={false}
                      className="form-control"
                      disabled={false}
                      id="root_1"
                      onBlur={[Function]}
                      onChange={[Function]}
                      onFocus={[Function]}
                      placeholder=""
                      registry={
                        Object {
                          "ArrayFieldTemplate": [Function],
                          "FieldTemplate": [Function],
                          "ObjectFieldTemplate": [Function],
                          "definitions": Object {},
                          "fields": Object {
                            "AnyOfField": [Function],
                            "ArrayField": [Function],
                            "BooleanField": [Function],
                            "DescriptionField": [Function],
                            "NullField": [Function],
                            "NumberField": [Function],
                            "ObjectField": [Function],
                            "OneOfField": [Function],
                            "SchemaField": [Function],
                            "StringField": [Function],
                            "TitleField": [Function],
                            "UnsupportedField": [Function],
                          },
                          "formContext": Object {},
                          "rootSchema": Object {
                            "items": Array [
                              Object {
                                "type": "string",
                              },
                              Object {
                                "type": "number",
                              },
                            ],
                            "type": "array",
                          },
                          "widgets": Object {
                            "AltDateTimeWidget": [Function],
                            "AltDateWidget": [Function],
                            "BaseInput": [Function],
                            "CheckboxWidget": [Function],
                            "CheckboxesWidget": [Function],
                            "ColorWidget": [Function],
                            "DateTimeWidget": [Function],
                            "DateWidget": [Function],
                            "EmailWidget": [Function],
                            "FileWidget": [Function],
                            "HiddenWidget": [Function],
                            "PasswordWidget": [Function],
                            "RadioWidget": [Function],
                            "RangeWidget": [Function],
                            "SelectWidget": [Function],
                            "TextWidget": [Function],
                            "TextareaWidget": [Function],
                            "URLWidget": [Function],
                            "UpDownWidget": [Function],
                          },
                        }
                      }
                      required={true}
                      type="number"
                      uiSchema={
                        Object {
                          "classNames": undefined,
                        }
                      }
                      value=""
                    />
                  </div>
                </div>
              </div>
              <div
                className="py-4 col-lg-3 col-3"
              />
            </div>
          </div>
        </div>
      </div>
    </div>
  </div>
  <div>
    <button
      className="btn btn-primary"
      disabled={false}
      type="submit"
    >
      Submit
    </button>
  </div>
</form>
`;
