// Jest Snapshot v1, https://goo.gl/fbAQLP

exports[`CheckboxWidget simple 1`] = `
<div
  className="checkbox disabled"
>
  <h2
    className="mt-5"
  >
    Some simple label
  </h2>
  <label>
    <input
      autoFocus={true}
      checked="value"
      className="form-control"
      disabled={true}
      id="_id"
      onBlur={[Function]}
      onChange={[Function]}
      onFocus={[Function]}
      required={true}
      type="checkbox"
    />
  </label>
</div>
`;
