// Jest Snapshot v1, https://goo.gl/fbAQLP

exports[`DescriptionField should return h2 element when description is being passed as props 1`] = `
Array [
  <style
    type="text/css"
  >
    
    .h2 {
        margin-top: 5px
    }

    
  </style>,
  <h2>
    SOME THING
  </h2>,
]
`;
