// Jest Snapshot v1, https://goo.gl/fbAQLP

exports[`object fields object 1`] = `
<form
  className="rjsf"
  noValidate={false}
  onSubmit={[Function]}
>
  <div
    className="form-group"
  >
    <div
      className="p-0 container-fluid"
    >
      <div
        className="row"
        style={
          Object {
            "marginBottom": "10px",
          }
        }
      >
        <div
          className="col-12"
        >
           
          <div
            className="form-group"
          >
            <div
              className="mb-0 form-group"
            >
              <label
                className="form-label"
                htmlFor="root_a"
              >
                a
              </label>
              <input
                autoFocus={false}
                className="form-control"
                disabled={false}
                id="root_a"
                onBlur={[Function]}
                onChange={[Function]}
                onFocus={[Function]}
                placeholder=""
                registry={
                  Object {
                    "ArrayFieldTemplate": [Function],
                    "FieldTemplate": [Function],
                    "ObjectFieldTemplate": [Function],
                    "definitions": Object {},
                    "fields": Object {
                      "AnyOfField": [Function],
                      "ArrayField": [Function],
                      "BooleanField": [Function],
                      "DescriptionField": [Function],
                      "NullField": [Function],
                      "NumberField": [Function],
                      "ObjectField": [Function],
                      "OneOfField": [Function],
                      "SchemaField": [Function],
                      "StringField": [Function],
                      "TitleField": [Function],
                      "UnsupportedField": [Function],
                    },
                    "formContext": Object {},
                    "rootSchema": Object {
                      "properties": Object {
                        "a": Object {
                          "type": "string",
                        },
                        "b": Object {
                          "type": "number",
                        },
                      },
                      "type": "object",
                    },
                    "widgets": Object {
                      "AltDateTimeWidget": [Function],
                      "AltDateWidget": [Function],
                      "BaseInput": [Function],
                      "CheckboxWidget": [Function],
                      "CheckboxesWidget": [Function],
                      "ColorWidget": [Function],
                      "DateTimeWidget": [Function],
                      "DateWidget": [Function],
                      "EmailWidget": [Function],
                      "FileWidget": [Function],
                      "HiddenWidget": [Function],
                      "PasswordWidget": [Function],
                      "RadioWidget": [Function],
                      "RangeWidget": [Function],
                      "SelectWidget": [Function],
                      "TextWidget": [Function],
                      "TextareaWidget": [Function],
                      "URLWidget": [Function],
                      "UpDownWidget": [Function],
                    },
                  }
                }
                required={false}
                type="string"
                uiSchema={
                  Object {
                    "classNames": undefined,
                  }
                }
                value=""
              />
            </div>
          </div>
        </div>
      </div>
      <div
        className="row"
        style={
          Object {
            "marginBottom": "10px",
          }
        }
      >
        <div
          className="col-12"
        >
           
          <div
            className="form-group"
          >
            <div
              className="mb-0 form-group"
            >
              <label
                className="form-label"
                htmlFor="root_b"
              >
                b
              </label>
              <input
                autoFocus={false}
                className="form-control"
                disabled={false}
                id="root_b"
                onBlur={[Function]}
                onChange={[Function]}
                onFocus={[Function]}
                placeholder=""
                registry={
                  Object {
                    "ArrayFieldTemplate": [Function],
                    "FieldTemplate": [Function],
                    "ObjectFieldTemplate": [Function],
                    "definitions": Object {},
                    "fields": Object {
                      "AnyOfField": [Function],
                      "ArrayField": [Function],
                      "BooleanField": [Function],
                      "DescriptionField": [Function],
                      "NullField": [Function],
                      "NumberField": [Function],
                      "ObjectField": [Function],
                      "OneOfField": [Function],
                      "SchemaField": [Function],
                      "StringField": [Function],
                      "TitleField": [Function],
                      "UnsupportedField": [Function],
                    },
                    "formContext": Object {},
                    "rootSchema": Object {
                      "properties": Object {
                        "a": Object {
                          "type": "string",
                        },
                        "b": Object {
                          "type": "number",
                        },
                      },
                      "type": "object",
                    },
                    "widgets": Object {
                      "AltDateTimeWidget": [Function],
                      "AltDateWidget": [Function],
                      "BaseInput": [Function],
                      "CheckboxWidget": [Function],
                      "CheckboxesWidget": [Function],
                      "ColorWidget": [Function],
                      "DateTimeWidget": [Function],
                      "DateWidget": [Function],
                      "EmailWidget": [Function],
                      "FileWidget": [Function],
                      "HiddenWidget": [Function],
                      "PasswordWidget": [Function],
                      "RadioWidget": [Function],
                      "RangeWidget": [Function],
                      "SelectWidget": [Function],
                      "TextWidget": [Function],
                      "TextareaWidget": [Function],
                      "URLWidget": [Function],
                      "UpDownWidget": [Function],
                    },
                  }
                }
                required={false}
                type="number"
                uiSchema={
                  Object {
                    "classNames": undefined,
                  }
                }
                value=""
              />
            </div>
          </div>
        </div>
      </div>
    </div>
  </div>
  <div>
    <button
      className="btn btn-primary"
      disabled={false}
      type="submit"
    >
      Submit
    </button>
  </div>
</form>
`;
